// Jest Snapshot v1, https://goo.gl/fbAQLP

exports[`Navbar renders correctly 1`] = `
.emotion-8 {
  position: relative;
}

.emotion-8::before,
.emotion-8::after {
  content: "";
  display: block;
  position: absolute;
  width: 100%;
  height: 100%;
  top: 0;
  left: 0;
  -webkit-transition: opacity 0.5s ease 0.25s;
  transition: opacity 0.5s ease 0.25s;
  background-position: center;
  background-repeat: no-repeat;
  background-size: cover;
}

.emotion-8::after {
  z-index: -100;
  opacity: 0;
  background-image: url("/static/banner_example/1/banner.jpg");
}

@media screen and (prefers-color-scheme:dark) {
  .emotion-8::after {
    background-image: url("/static/banner_example/1/banner_dark.jpg");
  }
}

.emotion-8::before {
  z-index: -101;
  opacity: 1;
  background-image: url("data:image/jpeg;base64,/9j/2wBDABALDA4MChAODQ4SERATGCgaGBYWGDEjJR0oOjM9PDkzODdASFxOQERXRTc4UG1RV19iZ2hnPk1xeXBkeFxlZ2P/2wBDARESEhgVGC8aGi9jQjhCY2NjY2NjY2NjY2NjY2NjY2NjY2NjY2NjY2NjY2NjY2NjY2NjY2NjY2NjY2NjY2NjY2P/wgARCAAPABQDASIAAhEBAxEB/8QAGAAAAgMAAAAAAAAAAAAAAAAAAAYBAgX/xAAVAQEBAAAAAAAAAAAAAAAAAAAAAf/aAAwDAQACEAMQAAAB1ZUrU0CyL//EABoQAAICAwAAAAAAAAAAAAAAAAACARIREyH/2gAIAQEAAQUCiFMIUg6XY2Mf/8QAFBEBAAAAAAAAAAAAAAAAAAAAEP/aAAgBAwEBPwE//8QAFhEBAQEAAAAAAAAAAAAAAAAAAAER/9oACAECAQE/AW1//8QAGBAAAwEBAAAAAAAAAAAAAAAAAAIyEDH/2gAIAQEABj8C3pbFsf/EAB4QAAEDBAMAAAAAAAAAAAAAAAABEUEhUWFxkdHx/9oACAEBAAE/IcnggdtoLfKJjfce4f/aAAwDAQACAAMAAAAQGw//xAAWEQEBAQAAAAAAAAAAAAAAAAABABH/2gAIAQMBAT8QAsL/xAAVEQEBAAAAAAAAAAAAAAAAAAABEP/aAAgBAgEBPxBWH//EABwQAQACAgMBAAAAAAAAAAAAAAEAESFRcbHRwf/aAAgBAQABPxBpi3Fuos5FpCIbpBzBcLAlYNX9gZ9/s//Z");
}

@media screen and (prefers-color-scheme:dark) {
  .emotion-8::before {
    background-image: url("data:image/jpeg;base64,/9j/2wBDABALDA4MChAODQ4SERATGCgaGBYWGDEjJR0oOjM9PDkzODdASFxOQERXRTc4UG1RV19iZ2hnPk1xeXBkeFxlZ2P/2wBDARESEhgVGC8aGi9jQjhCY2NjY2NjY2NjY2NjY2NjY2NjY2NjY2NjY2NjY2NjY2NjY2NjY2NjY2NjY2NjY2NjY2P/wgARCAAPABQDASIAAhEBAxEB/8QAGAAAAgMAAAAAAAAAAAAAAAAAAAYBAgX/xAAVAQEBAAAAAAAAAAAAAAAAAAAAAf/aAAwDAQACEAMQAAAB1ZUrU0CyL//EABoQAAICAwAAAAAAAAAAAAAAAAACARIREyH/2gAIAQEAAQUCiFMIUg6XY2Mf/8QAFBEBAAAAAAAAAAAAAAAAAAAAEP/aAAgBAwEBPwE//8QAFhEBAQEAAAAAAAAAAAAAAAAAAAER/9oACAECAQE/AW1//8QAGBAAAwEBAAAAAAAAAAAAAAAAAAIyEDH/2gAIAQEABj8C3pbFsf/EAB4QAAEDBAMAAAAAAAAAAAAAAAABEUEhUWFxkdHx/9oACAEBAAE/IcnggdtoLfKJjfce4f/aAAwDAQACAAMAAAAQGw//xAAWEQEBAQAAAAAAAAAAAAAAAAABABH/2gAIAQMBAT8QAsL/xAAVEQEBAAAAAAAAAAAAAAAAAAABEP/aAAgBAgEBPxBWH//EABwQAQACAgMBAAAAAAAAAAAAAAEAESFRcbHRwf/aAAgBAQABPxBpi3Fuos5FpCIbpBzBcLAlYNX9gZ9/s//Z");
  }
}

.emotion-0 {
  opacity: 1;
  background-image: url("/static/banner_example/1/banner.jpg");
}

@media screen and (prefers-color-scheme:dark) {
  .emotion-0 {
    background-image: url("/static/banner_example/1/banner_dark.jpg");
  }
}

.emotion-7 {
  height: 3rem;
  max-width: 100vw;
  display: -webkit-box;
  display: -webkit-flex;
  display: -ms-flexbox;
  display: flex;
  -webkit-backdrop-filter: blur(5px);
  backdrop-filter: blur(5px);
  -webkit-align-items: center;
  -webkit-box-align: center;
  -ms-flex-align: center;
  align-items: center;
  padding-left: 1rem;
  padding-right: 1rem;
  -webkit-box-pack: justify;
  -webkit-justify-content: space-between;
  -ms-flex-pack: justify;
  justify-content: space-between;
}

.emotion-2 {
  text-align: start;
  max-width: 50%;
}

.emotion-1 {
  font-weight: 600;
  color: #141414;
  -webkit-text-decoration: none;
  text-decoration: none;
}

.emotion-1:hover {
  -webkit-text-decoration: underline;
  text-decoration: underline;
}

@media (prefers-color-scheme:dark) {
  .emotion-1 {
    color: white;
  }
}

.emotion-6 {
  text-align: end;
  max-width: 50%;
}

.emotion-6 > :not(:last-child) {
  margin-right: 1em;
}

<div
  className="emotion-8"
  data-testid="BackgroundImageContainerElement"
>
  <noscript
    className="emotion-0"
  />
  <div
    className="emotion-7"
  >
    <div
      className="emotion-2"
    >
      <a
        className="emotion-1"
        href="/"
      >
        Kepler Sticka-Jones
      </a>
    </div>
    <div
      className="emotion-6"
    >
      <a
        className="emotion-1"
        href="/blog"
      >
        Blog
      </a>
      <a
        className="emotion-1"
        href="/projects"
      >
        Projects
      </a>
      <a
        className="emotion-1"
        href="/about"
      >
        About
      </a>
    </div>
  </div>
</div>
`;
